[process] unhandledRejection ErrorEvent {
  Symbol(kTarget): WebSocket {
    _events: [Object: null prototype] {
      error: [Function],
      message: [Function],
      close: [Function],
      open: [Function]
    },
    _eventsCount: 4,
    _maxListeners: undefined,
    _binaryType: 'arraybuffer',
    _closeCode: 1006,
    _closeFrameReceived: false,
    _closeFrameSent: false,
    _closeMessage: <Buffer >,
    _closeTimer: null,
    _errorEmitted: true,
    _extensions: {},
    _paused: false,
    _protocol: '',
    _readyState: 3,
    _receiver: null,
    _sender: null,
    _socket: null,
    _bufferedAmount: 0,
    _isServer: false,
    _redirects: 0,
    _autoPong: true,
    _closeTimeout: 30000,
    _url: 'wss://ep-dawn-bird-ahd7e2uy-pooler.c-3.us-east-1.aws.neon.tech/v2',
    _req: null,
    Symbol(shapeMode): false,
    Symbol(kCapture): false
  },
  Symbol(kType): 'error',
  Symbol(kError): AggregateError [EACCES]: 
      at internalConnectMultiple (node:net:1134:18)
      at afterConnectMultiple (node:net:1715:7) {
    code: 'EACCES',
    [errors]: [ [Error], [Error], [Error] ]
  },
  Symbol(kMessage): ''
}
[process] unhandledRejection ErrorEvent {
  Symbol(kTarget): WebSocket {
    _events: [Object: null prototype] {
      error: [Function],
      message: [Function],
      close: [Function],
      open: [Function]
    },
    _eventsCount: 4,
    _maxListeners: undefined,
    _binaryType: 'arraybuffer',
    _closeCode: 1006,
    _closeFrameReceived: false,
    _closeFrameSent: false,
    _closeMessage: <Buffer >,
    _closeTimer: null,
    _errorEmitted: true,
    _extensions: {},
    _paused: false,
    _protocol: '',
    _readyState: 3,
    _receiver: null,
    _sender: null,
    _socket: null,
    _bufferedAmount: 0,
    _isServer: false,
    _redirects: 0,
    _autoPong: true,
    _closeTimeout: 30000,
    _url: 'wss://ep-dawn-bird-ahd7e2uy-pooler.c-3.us-east-1.aws.neon.tech/v2',
    _req: null,
    Symbol(shapeMode): false,
    Symbol(kCapture): false
  },
  Symbol(kType): 'error',
  Symbol(kError): AggregateError [EACCES]: 
      at internalConnectMultiple (node:net:1134:18)
      at afterConnectMultiple (node:net:1715:7) {
    code: 'EACCES',
    [errors]: [ [Error], [Error], [Error] ]
  },
  Symbol(kMessage): ''
}
[process] unhandledRejection ErrorEvent {
  Symbol(kTarget): WebSocket {
    _events: [Object: null prototype] {
      error: [Function],
      message: [Function],
      close: [Function],
      open: [Function]
    },
    _eventsCount: 4,
    _maxListeners: undefined,
    _binaryType: 'arraybuffer',
    _closeCode: 1006,
    _closeFrameReceived: false,
    _closeFrameSent: false,
    _closeMessage: <Buffer >,
    _closeTimer: null,
    _errorEmitted: true,
    _extensions: {},
    _paused: false,
    _protocol: '',
    _readyState: 3,
    _receiver: null,
    _sender: null,
    _socket: null,
    _bufferedAmount: 0,
    _isServer: false,
    _redirects: 0,
    _autoPong: true,
    _closeTimeout: 30000,
    _url: 'wss://ep-dawn-bird-ahd7e2uy-pooler.c-3.us-east-1.aws.neon.tech/v2',
    _req: null,
    Symbol(shapeMode): false,
    Symbol(kCapture): false
  },
  Symbol(kType): 'error',
  Symbol(kError): AggregateError [EACCES]: 
      at internalConnectMultiple (node:net:1134:18)
      at afterConnectMultiple (node:net:1715:7) {
    code: 'EACCES',
    [errors]: [ [Error], [Error], [Error] ]
  },
  Symbol(kMessage): ''
}
