Server running on http://0.0.0.0:3000 (pid 4876)
[asset] main.js resolved path: D:\Jasons Web\js\main.js
[share-route] {
  at: '2026-07-09T22:59:20.270Z',
  event: 'share.requests.requested',
  method: 'GET',
  pathname: '/api/training/share/requests',
  toUserId: 'b66811cf-6d84-48d2-bbb6-99c50750deb3'
}
[share-route] {
  at: '2026-07-09T22:59:20.301Z',
  event: 'share.requests.result',
  toUserId: 'b66811cf-6d84-48d2-bbb6-99c50750deb3',
  inviteCount: 0,
  forceFresh: true
}
[share-route] {
  at: '2026-07-09T23:19:28.695Z',
  event: 'share.requests.requested',
  method: 'GET',
  pathname: '/api/training/share/requests',
  toUserId: 'b66811cf-6d84-48d2-bbb6-99c50750deb3'
}
[share-route] {
  at: '2026-07-09T23:19:28.809Z',
  event: 'share.requests.result',
  toUserId: 'b66811cf-6d84-48d2-bbb6-99c50750deb3',
  inviteCount: 0,
  forceFresh: true
}
[share-route] {
  at: '2026-07-09T23:20:17.883Z',
  event: 'share.requests.requested',
  method: 'GET',
  pathname: '/api/training/share/requests',
  toUserId: 'b66811cf-6d84-48d2-bbb6-99c50750deb3'
}
[share-route] {
  at: '2026-07-09T23:20:17.935Z',
  event: 'share.requests.result',
  toUserId: 'b66811cf-6d84-48d2-bbb6-99c50750deb3',
  inviteCount: 0,
  forceFresh: true
}
[share-route] {
  at: '2026-07-09T23:20:38.007Z',
  event: 'share.requests.requested',
  method: 'GET',
  pathname: '/api/training/share/requests',
  toUserId: 'b66811cf-6d84-48d2-bbb6-99c50750deb3'
}
[share-route] {
  at: '2026-07-09T23:20:38.724Z',
  event: 'share.requests.result',
  toUserId: 'b66811cf-6d84-48d2-bbb6-99c50750deb3',
  inviteCount: 0,
  forceFresh: true
}
[share-route] {
  at: '2026-07-09T23:20:39.240Z',
  event: 'share.requests.requested',
  method: 'GET',
  pathname: '/api/training/share/requests',
  toUserId: 'b66811cf-6d84-48d2-bbb6-99c50750deb3'
}
[share-route] {
  at: '2026-07-09T23:20:39.695Z',
  event: 'share.requests.result',
  toUserId: 'b66811cf-6d84-48d2-bbb6-99c50750deb3',
  inviteCount: 0,
  forceFresh: true
}
[share-route] {
  at: '2026-07-09T23:20:40.309Z',
  event: 'share.requests.requested',
  method: 'GET',
  pathname: '/api/training/share/requests',
  toUserId: 'b66811cf-6d84-48d2-bbb6-99c50750deb3'
}
[share-route] {
  at: '2026-07-09T23:20:40.674Z',
  event: 'share.requests.result',
  toUserId: 'b66811cf-6d84-48d2-bbb6-99c50750deb3',
  inviteCount: 0,
  forceFresh: true
}
[share-route] {
  at: '2026-07-09T23:20:41.085Z',
  event: 'share.requests.requested',
  method: 'GET',
  pathname: '/api/training/share/requests',
  toUserId: 'b66811cf-6d84-48d2-bbb6-99c50750deb3'
}
[share-route] {
  at: '2026-07-09T23:20:41.182Z',
  event: 'share.requests.result',
  toUserId: 'b66811cf-6d84-48d2-bbb6-99c50750deb3',
  inviteCount: 0,
  forceFresh: true
}
[share-route] {
  at: '2026-07-09T23:20:41.491Z',
  event: 'share.requests.requested',
  method: 'GET',
  pathname: '/api/training/share/requests',
  toUserId: 'b66811cf-6d84-48d2-bbb6-99c50750deb3'
}
[share-route] {
  at: '2026-07-09T23:20:42.159Z',
  event: 'share.requests.result',
  toUserId: 'b66811cf-6d84-48d2-bbb6-99c50750deb3',
  inviteCount: 0,
  forceFresh: true
}
[share-route] {
  at: '2026-07-09T23:20:42.928Z',
  event: 'share.requests.requested',
  method: 'GET',
  pathname: '/api/training/share/requests',
  toUserId: 'b66811cf-6d84-48d2-bbb6-99c50750deb3'
}
[share-route] {
  at: '2026-07-09T23:20:43.843Z',
  event: 'share.requests.result',
  toUserId: 'b66811cf-6d84-48d2-bbb6-99c50750deb3',
  inviteCount: 0,
  forceFresh: true
}
[asset] /js/main.js {
  filePath: 'D:\\Jasons Web\\js\\main.js',
  headers: {
    'Content-Type': 'application/javascript',
    'Cache-Control': 'no-store'
  }
}
[asset] /js/main.js {
  filePath: 'D:\\Jasons Web\\js\\main.js',
  headers: {
    'Content-Type': 'application/javascript',
    'Cache-Control': 'no-store'
  }
}
[asset] /js/main.js {
  filePath: 'D:\\Jasons Web\\js\\main.js',
  headers: {
    'Content-Type': 'application/javascript',
    'Cache-Control': 'no-store'
  }
}
[asset] /js/main.js {
  filePath: 'D:\\Jasons Web\\js\\main.js',
  headers: {
    'Content-Type': 'application/javascript',
    'Cache-Control': 'no-store'
  }
}
[asset] /js/main.js {
  filePath: 'D:\\Jasons Web\\js\\main.js',
  headers: {
    'Content-Type': 'application/javascript',
    'Cache-Control': 'no-store'
  }
}
[asset] /js/main.js {
  filePath: 'D:\\Jasons Web\\js\\main.js',
  headers: {
    'Content-Type': 'application/javascript',
    'Cache-Control': 'no-store'
  }
}
[asset] /js/main.js {
  filePath: 'D:\\Jasons Web\\js\\main.js',
  headers: {
    'Content-Type': 'application/javascript',
    'Cache-Control': 'no-store'
  }
}
[asset] /js/main.js {
  filePath: 'D:\\Jasons Web\\js\\main.js',
  headers: {
    'Content-Type': 'application/javascript',
    'Cache-Control': 'no-store'
  }
}
[asset] /js/main.js {
  filePath: 'D:\\Jasons Web\\js\\main.js',
  headers: {
    'Content-Type': 'application/javascript',
    'Cache-Control': 'no-store'
  }
}
[asset] /js/main.js {
  filePath: 'D:\\Jasons Web\\js\\main.js',
  headers: {
    'Content-Type': 'application/javascript',
    'Cache-Control': 'no-store'
  }
}
[asset] /js/main.js {
  filePath: 'D:\\Jasons Web\\js\\main.js',
  headers: {
    'Content-Type': 'application/javascript',
    'Cache-Control': 'no-store'
  }
}
[asset] /js/main.js {
  filePath: 'D:\\Jasons Web\\js\\main.js',
  headers: {
    'Content-Type': 'application/javascript',
    'Cache-Control': 'no-store'
  }
}
[asset] /js/main.js {
  filePath: 'D:\\Jasons Web\\js\\main.js',
  headers: {
    'Content-Type': 'application/javascript',
    'Cache-Control': 'no-store'
  }
}
[asset] /js/main.js {
  filePath: 'D:\\Jasons Web\\js\\main.js',
  headers: {
    'Content-Type': 'application/javascript',
    'Cache-Control': 'no-store'
  }
}
[asset] /js/main.js {
  filePath: 'D:\\Jasons Web\\js\\main.js',
  headers: {
    'Content-Type': 'application/javascript',
    'Cache-Control': 'no-store'
  }
}
[asset] /js/main.js {
  filePath: 'D:\\Jasons Web\\js\\main.js',
  headers: {
    'Content-Type': 'application/javascript',
    'Cache-Control': 'no-store'
  }
}
[asset] /js/main.js {
  filePath: 'D:\\Jasons Web\\js\\main.js',
  headers: {
    'Content-Type': 'application/javascript',
    'Cache-Control': 'no-store'
  }
}
[asset] /js/main.js {
  filePath: 'D:\\Jasons Web\\js\\main.js',
  headers: {
    'Content-Type': 'application/javascript',
    'Cache-Control': 'no-store'
  }
}
[asset] /js/main.js {
  filePath: 'D:\\Jasons Web\\js\\main.js',
  headers: {
    'Content-Type': 'application/javascript',
    'Cache-Control': 'no-store'
  }
}
[share-route] {
  at: '2026-07-09T23:32:18.863Z',
  event: 'share.requests.requested',
  method: 'GET',
  pathname: '/api/training/share/requests',
  toUserId: 'b66811cf-6d84-48d2-bbb6-99c50750deb3'
}
[share-route] {
  at: '2026-07-09T23:32:18.964Z',
  event: 'share.requests.result',
  toUserId: 'b66811cf-6d84-48d2-bbb6-99c50750deb3',
  inviteCount: 0,
  forceFresh: true
}
[share-route] {
  at: '2026-07-09T23:32:19.374Z',
  event: 'share.requests.requested',
  method: 'GET',
  pathname: '/api/training/share/requests',
  toUserId: 'b66811cf-6d84-48d2-bbb6-99c50750deb3'
}
[share-route] {
  at: '2026-07-09T23:32:19.580Z',
  event: 'share.requests.result',
  toUserId: 'b66811cf-6d84-48d2-bbb6-99c50750deb3',
  inviteCount: 0,
  forceFresh: true
}
[share-route] {
  at: '2026-07-09T23:32:20.654Z',
  event: 'share.requests.requested',
  method: 'GET',
  pathname: '/api/training/share/requests',
  toUserId: 'b66811cf-6d84-48d2-bbb6-99c50750deb3'
}
[share-route] {
  at: '2026-07-09T23:32:21.371Z',
  event: 'share.requests.result',
  toUserId: 'b66811cf-6d84-48d2-bbb6-99c50750deb3',
  inviteCount: 0,
  forceFresh: true
}
[share-route] {
  at: '2026-07-09T23:32:24.864Z',
  event: 'share.requests.requested',
  method: 'GET',
  pathname: '/api/training/share/requests',
  toUserId: 'b66811cf-6d84-48d2-bbb6-99c50750deb3'
}
[share-route] {
  at: '2026-07-09T23:32:25.161Z',
  event: 'share.requests.result',
  toUserId: 'b66811cf-6d84-48d2-bbb6-99c50750deb3',
  inviteCount: 0,
  forceFresh: true
}
[share-route] {
  at: '2026-07-09T23:32:29.154Z',
  event: 'share.requests.requested',
  method: 'GET',
  pathname: '/api/training/share/requests',
  toUserId: 'b66811cf-6d84-48d2-bbb6-99c50750deb3'
}
[share-route] {
  at: '2026-07-09T23:32:29.616Z',
  event: 'share.requests.result',
  toUserId: 'b66811cf-6d84-48d2-bbb6-99c50750deb3',
  inviteCount: 0,
  forceFresh: true
}
[share-route] {
  at: '2026-07-09T23:32:30.850Z',
  event: 'share.requests.requested',
  method: 'GET',
  pathname: '/api/training/share/requests',
  toUserId: 'b66811cf-6d84-48d2-bbb6-99c50750deb3'
}
[share-route] {
  at: '2026-07-09T23:32:31.459Z',
  event: 'share.requests.result',
  toUserId: 'b66811cf-6d84-48d2-bbb6-99c50750deb3',
  inviteCount: 0,
  forceFresh: true
}
[share-route] {
  at: '2026-07-09T23:32:39.757Z',
  event: 'share.requests.requested',
  method: 'GET',
  pathname: '/api/training/share/requests',
  toUserId: 'b66811cf-6d84-48d2-bbb6-99c50750deb3'
}
[share-route] {
  at: '2026-07-09T23:32:40.267Z',
  event: 'share.requests.result',
  toUserId: 'b66811cf-6d84-48d2-bbb6-99c50750deb3',
  inviteCount: 0,
  forceFresh: true
}
[share-route] {
  at: '2026-07-09T23:32:51.427Z',
  event: 'share.requests.requested',
  method: 'GET',
  pathname: '/api/training/share/requests',
  toUserId: 'b66811cf-6d84-48d2-bbb6-99c50750deb3'
}
[share-route] {
  at: '2026-07-09T23:32:51.631Z',
  event: 'share.requests.result',
  toUserId: 'b66811cf-6d84-48d2-bbb6-99c50750deb3',
  inviteCount: 0,
  forceFresh: true
}
[share-route] {
  at: '2026-07-09T23:32:59.158Z',
  event: 'share.requests.requested',
  method: 'GET',
  pathname: '/api/training/share/requests',
  toUserId: 'b66811cf-6d84-48d2-bbb6-99c50750deb3'
}
[share-route] {
  at: '2026-07-09T23:32:59.260Z',
  event: 'share.requests.result',
  toUserId: 'b66811cf-6d84-48d2-bbb6-99c50750deb3',
  inviteCount: 0,
  forceFresh: true
}
[share-route] {
  at: '2026-07-09T23:33:09.352Z',
  event: 'share.requests.requested',
  method: 'GET',
  pathname: '/api/training/share/requests',
  toUserId: 'b66811cf-6d84-48d2-bbb6-99c50750deb3'
}
[share-route] {
  at: '2026-07-09T23:33:09.759Z',
  event: 'share.requests.result',
  toUserId: 'b66811cf-6d84-48d2-bbb6-99c50750deb3',
  inviteCount: 0,
  forceFresh: true
}
[asset] /js/main.js {
  filePath: 'D:\\Jasons Web\\js\\main.js',
  headers: {
    'Content-Type': 'application/javascript',
    'Cache-Control': 'no-store'
  }
}
[share-route] {
  at: '2026-07-09T23:33:17.137Z',
  event: 'share.requests.requested',
  method: 'GET',
  pathname: '/api/training/share/requests',
  toUserId: 'b66811cf-6d84-48d2-bbb6-99c50750deb3'
}
[share-route] {
  at: '2026-07-09T23:33:17.493Z',
  event: 'share.requests.result',
  toUserId: 'b66811cf-6d84-48d2-bbb6-99c50750deb3',
  inviteCount: 0,
  forceFresh: true
}
[share-route] {
  at: '2026-07-09T23:33:18.875Z',
  event: 'share.requests.requested',
  method: 'GET',
  pathname: '/api/training/share/requests',
  toUserId: 'b66811cf-6d84-48d2-bbb6-99c50750deb3'
}
[share-route] {
  at: '2026-07-09T23:33:19.690Z',
  event: 'share.requests.result',
  toUserId: 'b66811cf-6d84-48d2-bbb6-99c50750deb3',
  inviteCount: 0,
  forceFresh: true
}
[share-route] {
  at: '2026-07-09T23:33:20.820Z',
  event: 'share.requests.requested',
  method: 'GET',
  pathname: '/api/training/share/requests',
  toUserId: 'b66811cf-6d84-48d2-bbb6-99c50750deb3'
}
[share-route] {
  at: '2026-07-09T23:33:21.431Z',
  event: 'share.requests.result',
  toUserId: 'b66811cf-6d84-48d2-bbb6-99c50750deb3',
  inviteCount: 0,
  forceFresh: true
}
[share-route] {
  at: '2026-07-09T23:33:22.049Z',
  event: 'share.requests.requested',
  method: 'GET',
  pathname: '/api/training/share/requests',
  toUserId: 'b66811cf-6d84-48d2-bbb6-99c50750deb3'
}
[share-route] {
  at: '2026-07-09T23:33:22.456Z',
  event: 'share.requests.result',
  toUserId: 'b66811cf-6d84-48d2-bbb6-99c50750deb3',
  inviteCount: 0,
  forceFresh: true
}
[share-route] {
  at: '2026-07-09T23:33:27.019Z',
  event: 'share.requests.requested',
  method: 'GET',
  pathname: '/api/training/share/requests',
  toUserId: 'b66811cf-6d84-48d2-bbb6-99c50750deb3'
}
[share-route] {
  at: '2026-07-09T23:33:27.422Z',
  event: 'share.requests.result',
  toUserId: 'b66811cf-6d84-48d2-bbb6-99c50750deb3',
  inviteCount: 0,
  forceFresh: true
}
[share-route] {
  at: '2026-07-09T23:33:27.734Z',
  event: 'share.requests.requested',
  method: 'GET',
  pathname: '/api/training/share/requests',
  toUserId: 'b66811cf-6d84-48d2-bbb6-99c50750deb3'
}
[share-route] {
  at: '2026-07-09T23:33:27.831Z',
  event: 'share.requests.result',
  toUserId: 'b66811cf-6d84-48d2-bbb6-99c50750deb3',
  inviteCount: 0,
  forceFresh: true
}
[share-route] {
  at: '2026-07-09T23:33:32.391Z',
  event: 'share.requests.requested',
  method: 'GET',
  pathname: '/api/training/share/requests',
  toUserId: 'b66811cf-6d84-48d2-bbb6-99c50750deb3'
}
[share-route] {
  at: '2026-07-09T23:33:32.496Z',
  event: 'share.requests.result',
  toUserId: 'b66811cf-6d84-48d2-bbb6-99c50750deb3',
  inviteCount: 0,
  forceFresh: true
}
[share-route] {
  at: '2026-07-09T23:33:35.768Z',
  event: 'share.requests.requested',
  method: 'GET',
  pathname: '/api/training/share/requests',
  toUserId: 'b66811cf-6d84-48d2-bbb6-99c50750deb3'
}
[share-route] {
  at: '2026-07-09T23:33:35.819Z',
  event: 'share.requests.result',
  toUserId: 'b66811cf-6d84-48d2-bbb6-99c50750deb3',
  inviteCount: 0,
  forceFresh: true
}
[share-route] {
  at: '2026-07-09T23:33:37.204Z',
  event: 'share.requests.requested',
  method: 'GET',
  pathname: '/api/training/share/requests',
  toUserId: 'b66811cf-6d84-48d2-bbb6-99c50750deb3'
}
[share-route] {
  at: '2026-07-09T23:33:37.307Z',
  event: 'share.requests.result',
  toUserId: 'b66811cf-6d84-48d2-bbb6-99c50750deb3',
  inviteCount: 0,
  forceFresh: true
}
[share-route] {
  at: '2026-07-09T23:33:42.274Z',
  event: 'share.requests.requested',
  method: 'GET',
  pathname: '/api/training/share/requests',
  toUserId: 'b66811cf-6d84-48d2-bbb6-99c50750deb3'
}
[share-route] {
  at: '2026-07-09T23:33:42.372Z',
  event: 'share.requests.result',
  toUserId: 'b66811cf-6d84-48d2-bbb6-99c50750deb3',
  inviteCount: 0,
  forceFresh: true
}
[share-route] {
  at: '2026-07-09T23:33:45.805Z',
  event: 'share.requests.requested',
  method: 'GET',
  pathname: '/api/training/share/requests',
  toUserId: 'b66811cf-6d84-48d2-bbb6-99c50750deb3'
}
[share-route] {
  at: '2026-07-09T23:33:45.854Z',
  event: 'share.requests.result',
  toUserId: 'b66811cf-6d84-48d2-bbb6-99c50750deb3',
  inviteCount: 0,
  forceFresh: true
}
[share-route] {
  at: '2026-07-09T23:33:47.185Z',
  event: 'share.requests.requested',
  method: 'GET',
  pathname: '/api/training/share/requests',
  toUserId: 'b66811cf-6d84-48d2-bbb6-99c50750deb3'
}
[share-route] {
  at: '2026-07-09T23:33:47.447Z',
  event: 'share.requests.result',
  toUserId: 'b66811cf-6d84-48d2-bbb6-99c50750deb3',
  inviteCount: 0,
  forceFresh: true
}
[share-route] {
  at: '2026-07-09T23:33:52.255Z',
  event: 'share.requests.requested',
  method: 'GET',
  pathname: '/api/training/share/requests',
  toUserId: 'b66811cf-6d84-48d2-bbb6-99c50750deb3'
}
[share-route] {
  at: '2026-07-09T23:33:52.464Z',
  event: 'share.requests.result',
  toUserId: 'b66811cf-6d84-48d2-bbb6-99c50750deb3',
  inviteCount: 0,
  forceFresh: true
}
[share-route] {
  at: '2026-07-09T23:33:56.761Z',
  event: 'share.requests.requested',
  method: 'GET',
  pathname: '/api/training/share/requests',
  toUserId: 'b66811cf-6d84-48d2-bbb6-99c50750deb3'
}
[share-route] {
  at: '2026-07-09T23:33:57.323Z',
  event: 'share.requests.result',
  toUserId: 'b66811cf-6d84-48d2-bbb6-99c50750deb3',
  inviteCount: 0,
  forceFresh: true
}
[share-route] {
  at: '2026-07-09T23:33:58.155Z',
  event: 'share.requests.requested',
  method: 'GET',
  pathname: '/api/training/share/requests',
  toUserId: 'b66811cf-6d84-48d2-bbb6-99c50750deb3'
}
[share-route] {
  at: '2026-07-09T23:33:58.765Z',
  event: 'share.requests.result',
  toUserId: 'b66811cf-6d84-48d2-bbb6-99c50750deb3',
  inviteCount: 0,
  forceFresh: true
}
[share-route] {
  at: '2026-07-09T23:34:04.191Z',
  event: 'share.requests.requested',
  method: 'GET',
  pathname: '/api/training/share/requests',
  toUserId: 'b66811cf-6d84-48d2-bbb6-99c50750deb3'
}
[share-route] {
  at: '2026-07-09T23:34:04.957Z',
  event: 'share.requests.result',
  toUserId: 'b66811cf-6d84-48d2-bbb6-99c50750deb3',
  inviteCount: 0,
  forceFresh: true
}
[share-route] {
  at: '2026-07-09T23:34:08.850Z',
  event: 'share.requests.requested',
  method: 'GET',
  pathname: '/api/training/share/requests',
  toUserId: 'b66811cf-6d84-48d2-bbb6-99c50750deb3'
}
[share-route] {
  at: '2026-07-09T23:34:10.128Z',
  event: 'share.requests.result',
  toUserId: 'b66811cf-6d84-48d2-bbb6-99c50750deb3',
  inviteCount: 0,
  forceFresh: true
}
[share-route] {
  at: '2026-07-09T23:34:11.171Z',
  event: 'share.requests.requested',
  method: 'GET',
  pathname: '/api/training/share/requests',
  toUserId: 'b66811cf-6d84-48d2-bbb6-99c50750deb3'
}
[share-route] {
  at: '2026-07-09T23:34:17.041Z',
  event: 'share.requests.result',
  toUserId: 'b66811cf-6d84-48d2-bbb6-99c50750deb3',
  inviteCount: 0,
  forceFresh: true
}
[share-route] {
  at: '2026-07-09T23:34:29.171Z',
  event: 'share.requests.requested',
  method: 'GET',
  pathname: '/api/training/share/requests',
  toUserId: 'b66811cf-6d84-48d2-bbb6-99c50750deb3'
}
[share-route] {
  at: '2026-07-09T23:34:29.478Z',
  event: 'share.requests.result',
  toUserId: 'b66811cf-6d84-48d2-bbb6-99c50750deb3',
  inviteCount: 0,
  forceFresh: true
}
[share-route] {
  at: '2026-07-09T23:34:29.479Z',
  event: 'share.requests.requested',
  method: 'GET',
  pathname: '/api/training/share/requests',
  toUserId: 'b66811cf-6d84-48d2-bbb6-99c50750deb3'
}
[share-route] {
  at: '2026-07-09T23:34:29.529Z',
  event: 'share.requests.result',
  toUserId: 'b66811cf-6d84-48d2-bbb6-99c50750deb3',
  inviteCount: 0,
  forceFresh: true
}
[share-route] {
  at: '2026-07-09T23:34:30.042Z',
  event: 'share.requests.requested',
  method: 'GET',
  pathname: '/api/training/share/requests',
  toUserId: 'b66811cf-6d84-48d2-bbb6-99c50750deb3'
}
[share-route] {
  at: '2026-07-09T23:34:30.094Z',
  event: 'share.requests.result',
  toUserId: 'b66811cf-6d84-48d2-bbb6-99c50750deb3',
  inviteCount: 0,
  forceFresh: true
}
[share-route] {
  at: '2026-07-09T23:34:39.669Z',
  event: 'share.requests.requested',
  method: 'GET',
  pathname: '/api/training/share/requests',
  toUserId: 'b66811cf-6d84-48d2-bbb6-99c50750deb3'
}
[share-route] {
  at: '2026-07-09T23:34:39.775Z',
  event: 'share.requests.result',
  toUserId: 'b66811cf-6d84-48d2-bbb6-99c50750deb3',
  inviteCount: 0,
  forceFresh: true
}
[share-route] {
  at: '2026-07-09T23:34:39.873Z',
  event: 'share.requests.requested',
  method: 'GET',
  pathname: '/api/training/share/requests',
  toUserId: 'b66811cf-6d84-48d2-bbb6-99c50750deb3'
}
[share-route] {
  at: '2026-07-09T23:34:39.923Z',
  event: 'share.requests.result',
  toUserId: 'b66811cf-6d84-48d2-bbb6-99c50750deb3',
  inviteCount: 0,
  forceFresh: true
}
[share-route] {
  at: '2026-07-09T23:34:42.279Z',
  event: 'share.requests.requested',
  method: 'GET',
  pathname: '/api/training/share/requests',
  toUserId: 'b66811cf-6d84-48d2-bbb6-99c50750deb3'
}
[share-route] {
  at: '2026-07-09T23:34:42.331Z',
  event: 'share.requests.result',
  toUserId: 'b66811cf-6d84-48d2-bbb6-99c50750deb3',
  inviteCount: 0,
  forceFresh: true
}
[share-route] {
  at: '2026-07-09T23:34:50.319Z',
  event: 'share.requests.requested',
  method: 'GET',
  pathname: '/api/training/share/requests',
  toUserId: 'b66811cf-6d84-48d2-bbb6-99c50750deb3'
}
[share-route] {
  at: '2026-07-09T23:34:51.913Z',
  event: 'share.requests.requested',
  method: 'GET',
  pathname: '/api/training/share/requests',
  toUserId: 'b66811cf-6d84-48d2-bbb6-99c50750deb3'
}
[share-route] {
  at: '2026-07-09T23:34:52.162Z',
  event: 'share.requests.result',
  toUserId: 'b66811cf-6d84-48d2-bbb6-99c50750deb3',
  inviteCount: 0,
  forceFresh: true
}
[share-route] {
  at: '2026-07-09T23:34:52.369Z',
  event: 'share.requests.result',
  toUserId: 'b66811cf-6d84-48d2-bbb6-99c50750deb3',
  inviteCount: 0,
  forceFresh: true
}
[share-route] {
  at: '2026-07-09T23:34:58.516Z',
  event: 'share.requests.requested',
  method: 'GET',
  pathname: '/api/training/share/requests',
  toUserId: 'b66811cf-6d84-48d2-bbb6-99c50750deb3'
}
[share-route] {
  at: '2026-07-09T23:35:00.151Z',
  event: 'share.requests.result',
  toUserId: 'b66811cf-6d84-48d2-bbb6-99c50750deb3',
  inviteCount: 0,
  forceFresh: true
}
[share-route] {
  at: '2026-07-09T23:35:02.203Z',
  event: 'share.requests.requested',
  method: 'GET',
  pathname: '/api/training/share/requests',
  toUserId: 'b66811cf-6d84-48d2-bbb6-99c50750deb3'
}
[share-route] {
  at: '2026-07-09T23:35:03.125Z',
  event: 'share.requests.result',
  toUserId: 'b66811cf-6d84-48d2-bbb6-99c50750deb3',
  inviteCount: 0,
  forceFresh: true
}
[share-route] {
  at: '2026-07-09T23:35:13.103Z',
  event: 'share.requests.requested',
  method: 'GET',
  pathname: '/api/training/share/requests',
  toUserId: 'b66811cf-6d84-48d2-bbb6-99c50750deb3'
}
[share-route] {
  at: '2026-07-09T23:35:14.798Z',
  event: 'share.requests.result',
  toUserId: 'b66811cf-6d84-48d2-bbb6-99c50750deb3',
  inviteCount: 0,
  forceFresh: true
}
[share-route] {
  at: '2026-07-09T23:35:15.260Z',
  event: 'share.requests.requested',
  method: 'GET',
  pathname: '/api/training/share/requests',
  toUserId: 'b66811cf-6d84-48d2-bbb6-99c50750deb3'
}
[share-route] {
  at: '2026-07-09T23:35:16.994Z',
  event: 'share.requests.result',
  toUserId: 'b66811cf-6d84-48d2-bbb6-99c50750deb3',
  inviteCount: 0,
  forceFresh: true
}
[share-route] {
  at: '2026-07-09T23:35:17.148Z',
  event: 'share.requests.requested',
  method: 'GET',
  pathname: '/api/training/share/requests',
  toUserId: 'b66811cf-6d84-48d2-bbb6-99c50750deb3'
}
[share-route] {
  at: '2026-07-09T23:35:17.199Z',
  event: 'share.requests.result',
  toUserId: 'b66811cf-6d84-48d2-bbb6-99c50750deb3',
  inviteCount: 0,
  forceFresh: true
}
[share-route] {
  at: '2026-07-09T23:35:17.250Z',
  event: 'share.requests.requested',
  method: 'GET',
  pathname: '/api/training/share/requests',
  toUserId: 'b66811cf-6d84-48d2-bbb6-99c50750deb3'
}
[share-route] {
  at: '2026-07-09T23:35:17.352Z',
  event: 'share.requests.result',
  toUserId: 'b66811cf-6d84-48d2-bbb6-99c50750deb3',
  inviteCount: 0,
  forceFresh: true
}
[share-route] {
  at: '2026-07-09T23:35:23.398Z',
  event: 'share.requests.requested',
  method: 'GET',
  pathname: '/api/training/share/requests',
  toUserId: 'b66811cf-6d84-48d2-bbb6-99c50750deb3'
}
[share-route] {
  at: '2026-07-09T23:35:23.496Z',
  event: 'share.requests.result',
  toUserId: 'b66811cf-6d84-48d2-bbb6-99c50750deb3',
  inviteCount: 0,
  forceFresh: true
}
[share-route] {
  at: '2026-07-09T23:35:25.749Z',
  event: 'share.requests.requested',
  method: 'GET',
  pathname: '/api/training/share/requests',
  toUserId: 'b66811cf-6d84-48d2-bbb6-99c50750deb3'
}
[share-route] {
  at: '2026-07-09T23:35:25.851Z',
  event: 'share.requests.result',
  toUserId: 'b66811cf-6d84-48d2-bbb6-99c50750deb3',
  inviteCount: 0,
  forceFresh: true
}
[share-route] {
  at: '2026-07-09T23:35:27.234Z',
  event: 'share.requests.requested',
  method: 'GET',
  pathname: '/api/training/share/requests',
  toUserId: 'b66811cf-6d84-48d2-bbb6-99c50750deb3'
}
[share-route] {
  at: '2026-07-09T23:35:27.336Z',
  event: 'share.requests.result',
  toUserId: 'b66811cf-6d84-48d2-bbb6-99c50750deb3',
  inviteCount: 0,
  forceFresh: true
}
[share-route] {
  at: '2026-07-09T23:35:32.252Z',
  event: 'share.requests.requested',
  method: 'GET',
  pathname: '/api/training/share/requests',
  toUserId: 'b66811cf-6d84-48d2-bbb6-99c50750deb3'
}
[share-route] {
  at: '2026-07-09T23:35:32.354Z',
  event: 'share.requests.result',
  toUserId: 'b66811cf-6d84-48d2-bbb6-99c50750deb3',
  inviteCount: 0,
  forceFresh: true
}
[asset] /js/main.js {
  filePath: 'D:\\Jasons Web\\js\\main.js',
  headers: {
    'Content-Type': 'application/javascript',
    'Cache-Control': 'no-store'
  }
}
[share-route] {
  at: '2026-07-09T23:35:35.684Z',
  event: 'share.requests.requested',
  method: 'GET',
  pathname: '/api/training/share/requests',
  toUserId: 'b66811cf-6d84-48d2-bbb6-99c50750deb3'
}
[share-route] {
  at: '2026-07-09T23:35:35.734Z',
  event: 'share.requests.result',
  toUserId: 'b66811cf-6d84-48d2-bbb6-99c50750deb3',
  inviteCount: 0,
  forceFresh: true
}
[asset] /js/main.js {
  filePath: 'D:\\Jasons Web\\js\\main.js',
  headers: {
    'Content-Type': 'application/javascript',
    'Cache-Control': 'no-store'
  }
}
[share-route] {
  at: '2026-07-09T23:35:36.401Z',
  event: 'share.requests.requested',
  method: 'GET',
  pathname: '/api/training/share/requests',
  toUserId: 'bdedeba3-482f-407a-be7b-6f1385af9d64'
}
[share-route] {
  at: '2026-07-09T23:35:36.450Z',
  event: 'share.requests.requested',
  method: 'GET',
  pathname: '/api/training/share/requests',
  toUserId: 'bdedeba3-482f-407a-be7b-6f1385af9d64'
}
[share-route] {
  at: '2026-07-09T23:35:36.502Z',
  event: 'share.requests.result',
  toUserId: 'bdedeba3-482f-407a-be7b-6f1385af9d64',
  inviteCount: 0,
  forceFresh: true
}
[share-route] {
  at: '2026-07-09T23:35:36.503Z',
  event: 'share.requests.result',
  toUserId: 'bdedeba3-482f-407a-be7b-6f1385af9d64',
  inviteCount: 0,
  forceFresh: true
}
[share-route] {
  at: '2026-07-09T23:35:36.707Z',
  event: 'share.requests.requested',
  method: 'GET',
  pathname: '/api/training/share/requests',
  toUserId: 'bdedeba3-482f-407a-be7b-6f1385af9d64'
}
[share-route] {
  at: '2026-07-09T23:35:36.759Z',
  event: 'share.requests.result',
  toUserId: 'bdedeba3-482f-407a-be7b-6f1385af9d64',
  inviteCount: 0,
  forceFresh: true
}
[share-route] {
  at: '2026-07-09T23:35:36.862Z',
  event: 'share.requests.requested',
  method: 'GET',
  pathname: '/api/training/share/requests',
  toUserId: 'bdedeba3-482f-407a-be7b-6f1385af9d64'
}
[share-route] {
  at: '2026-07-09T23:35:36.915Z',
  event: 'share.requests.result',
  toUserId: 'bdedeba3-482f-407a-be7b-6f1385af9d64',
  inviteCount: 0,
  forceFresh: true
}
[share-route] {
  at: '2026-07-09T23:35:37.065Z',
  event: 'share.requests.requested',
  method: 'GET',
  pathname: '/api/training/share/requests',
  toUserId: 'bdedeba3-482f-407a-be7b-6f1385af9d64'
}
[share-route] {
  at: '2026-07-09T23:35:37.118Z',
  event: 'share.requests.result',
  toUserId: 'bdedeba3-482f-407a-be7b-6f1385af9d64',
  inviteCount: 0,
  forceFresh: true
}
[share-route] {
  at: '2026-07-09T23:35:37.269Z',
  event: 'share.requests.requested',
  method: 'GET',
  pathname: '/api/training/share/requests',
  toUserId: 'b66811cf-6d84-48d2-bbb6-99c50750deb3'
}
[share-route] {
  at: '2026-07-09T23:35:37.372Z',
  event: 'share.requests.result',
  toUserId: 'b66811cf-6d84-48d2-bbb6-99c50750deb3',
  inviteCount: 0,
  forceFresh: true
}
[share-route] {
  at: '2026-07-09T23:35:37.628Z',
  event: 'share.requests.requested',
  method: 'GET',
  pathname: '/api/training/share/requests',
  toUserId: 'bdedeba3-482f-407a-be7b-6f1385af9d64'
}
[share-route] {
  at: '2026-07-09T23:35:37.731Z',
  event: 'share.requests.result',
  toUserId: 'bdedeba3-482f-407a-be7b-6f1385af9d64',
  inviteCount: 0,
  forceFresh: true
}
[share-route] {
  at: '2026-07-09T23:35:42.237Z',
  event: 'share.requests.requested',
  method: 'GET',
  pathname: '/api/training/share/requests',
  toUserId: 'b66811cf-6d84-48d2-bbb6-99c50750deb3'
}
[share-route] {
  at: '2026-07-09T23:35:42.339Z',
  event: 'share.requests.result',
  toUserId: 'b66811cf-6d84-48d2-bbb6-99c50750deb3',
  inviteCount: 0,
  forceFresh: true
}
[share-route] {
  at: '2026-07-09T23:35:42.545Z',
  event: 'share.requests.requested',
  method: 'GET',
  pathname: '/api/training/share/requests',
  toUserId: 'bdedeba3-482f-407a-be7b-6f1385af9d64'
}
[share-route] {
  at: '2026-07-09T23:35:42.646Z',
  event: 'share.requests.result',
  toUserId: 'bdedeba3-482f-407a-be7b-6f1385af9d64',
  inviteCount: 0,
  forceFresh: true
}
[asset] /js/main.js {
  filePath: 'D:\\Jasons Web\\js\\main.js',
  headers: {
    'Content-Type': 'application/javascript',
    'Cache-Control': 'no-store'
  }
}
[share-route] {
  at: '2026-07-09T23:35:45.718Z',
  event: 'share.requests.requested',
  method: 'GET',
  pathname: '/api/training/share/requests',
  toUserId: 'b66811cf-6d84-48d2-bbb6-99c50750deb3'
}
[share-route] {
  at: '2026-07-09T23:35:45.821Z',
  event: 'share.requests.result',
  toUserId: 'b66811cf-6d84-48d2-bbb6-99c50750deb3',
  inviteCount: 0,
  forceFresh: true
}
[share-route] {
  at: '2026-07-09T23:35:45.923Z',
  event: 'share.requests.requested',
  method: 'GET',
  pathname: '/api/training/share/requests',
  toUserId: 'bdedeba3-482f-407a-be7b-6f1385af9d64'
}
[share-route] {
  at: '2026-07-09T23:35:45.974Z',
  event: 'share.requests.requested',
  method: 'GET',
  pathname: '/api/training/share/requests',
  toUserId: 'bdedeba3-482f-407a-be7b-6f1385af9d64'
}
[share-route] {
  at: '2026-07-09T23:35:45.975Z',
  event: 'share.requests.result',
  toUserId: 'bdedeba3-482f-407a-be7b-6f1385af9d64',
  inviteCount: 0,
  forceFresh: true
}
[share-route] {
  at: '2026-07-09T23:35:46.027Z',
  event: 'share.requests.result',
  toUserId: 'bdedeba3-482f-407a-be7b-6f1385af9d64',
  inviteCount: 0,
  forceFresh: true
}
[share-route] {
  at: '2026-07-09T23:35:46.281Z',
  event: 'share.requests.requested',
  method: 'GET',
  pathname: '/api/training/share/requests',
  toUserId: 'bdedeba3-482f-407a-be7b-6f1385af9d64'
}
[share-route] {
  at: '2026-07-09T23:35:46.333Z',
  event: 'share.requests.result',
  toUserId: 'bdedeba3-482f-407a-be7b-6f1385af9d64',
  inviteCount: 0,
  forceFresh: true
}
[share-route] {
  at: '2026-07-09T23:35:46.436Z',
  event: 'share.requests.requested',
  method: 'GET',
  pathname: '/api/training/share/requests',
  toUserId: 'bdedeba3-482f-407a-be7b-6f1385af9d64'
}
[share-route] {
  at: '2026-07-09T23:35:46.486Z',
  event: 'share.requests.result',
  toUserId: 'bdedeba3-482f-407a-be7b-6f1385af9d64',
  inviteCount: 0,
  forceFresh: true
}
[share-route] {
  at: '2026-07-09T23:35:47.152Z',
  event: 'share.requests.requested',
  method: 'GET',
  pathname: '/api/training/share/requests',
  toUserId: 'bdedeba3-482f-407a-be7b-6f1385af9d64'
}
[share-route] {
  at: '2026-07-09T23:35:47.203Z',
  event: 'share.requests.result',
  toUserId: 'bdedeba3-482f-407a-be7b-6f1385af9d64',
  inviteCount: 0,
  forceFresh: true
}
[share-route] {
  at: '2026-07-09T23:35:47.255Z',
  event: 'share.requests.requested',
  method: 'GET',
  pathname: '/api/training/share/requests',
  toUserId: 'b66811cf-6d84-48d2-bbb6-99c50750deb3'
}
[share-route] {
  at: '2026-07-09T23:35:47.305Z',
  event: 'share.requests.result',
  toUserId: 'b66811cf-6d84-48d2-bbb6-99c50750deb3',
  inviteCount: 0,
  forceFresh: true
}
[share-route] {
  at: '2026-07-09T23:35:53.253Z',
  event: 'share.requests.requested',
  method: 'GET',
  pathname: '/api/training/share/requests',
  toUserId: 'b66811cf-6d84-48d2-bbb6-99c50750deb3'
}
[share-route] {
  at: '2026-07-09T23:35:53.501Z',
  event: 'share.requests.result',
  toUserId: 'b66811cf-6d84-48d2-bbb6-99c50750deb3',
  inviteCount: 0,
  forceFresh: true
}
[share-route] {
  at: '2026-07-09T23:35:56.419Z',
  event: 'share.requests.requested',
  method: 'GET',
  pathname: '/api/training/share/requests',
  toUserId: 'b66811cf-6d84-48d2-bbb6-99c50750deb3'
}
[share-route] {
  at: '2026-07-09T23:35:56.731Z',
  event: 'share.requests.result',
  toUserId: 'b66811cf-6d84-48d2-bbb6-99c50750deb3',
  inviteCount: 0,
  forceFresh: true
}
[share-route] {
  at: '2026-07-09T23:35:58.110Z',
  event: 'share.requests.requested',
  method: 'GET',
  pathname: '/api/training/share/requests',
  toUserId: 'b66811cf-6d84-48d2-bbb6-99c50750deb3'
}
[share-route] {
  at: '2026-07-09T23:35:58.930Z',
  event: 'share.requests.result',
  toUserId: 'b66811cf-6d84-48d2-bbb6-99c50750deb3',
  inviteCount: 0,
  forceFresh: true
}
[share-route] {
  at: '2026-07-09T23:36:03.639Z',
  event: 'share.requests.requested',
  method: 'GET',
  pathname: '/api/training/share/requests',
  toUserId: 'b66811cf-6d84-48d2-bbb6-99c50750deb3'
}
[share-route] {
  at: '2026-07-09T23:36:04.213Z',
  event: 'share.requests.result',
  toUserId: 'b66811cf-6d84-48d2-bbb6-99c50750deb3',
  inviteCount: 0,
  forceFresh: true
}
[share-route] {
  at: '2026-07-09T23:36:07.123Z',
  event: 'share.requests.requested',
  method: 'GET',
  pathname: '/api/training/share/requests',
  toUserId: 'b66811cf-6d84-48d2-bbb6-99c50750deb3'
}
[share-route] {
  at: '2026-07-09T23:36:08.509Z',
  event: 'share.requests.result',
  toUserId: 'b66811cf-6d84-48d2-bbb6-99c50750deb3',
  inviteCount: 0,
  forceFresh: true
}
[share-route] {
  at: '2026-07-09T23:36:10.402Z',
  event: 'share.requests.requested',
  method: 'GET',
  pathname: '/api/training/share/requests',
  toUserId: 'b66811cf-6d84-48d2-bbb6-99c50750deb3'
}
[share-route] {
  at: '2026-07-09T23:36:11.477Z',
  event: 'share.requests.result',
  toUserId: 'b66811cf-6d84-48d2-bbb6-99c50750deb3',
  inviteCount: 0,
  forceFresh: true
}
[share-route] {
  at: '2026-07-09T23:36:15.007Z',
  event: 'share.requests.requested',
  method: 'GET',
  pathname: '/api/training/share/requests',
  toUserId: 'b66811cf-6d84-48d2-bbb6-99c50750deb3'
}
[share-route] {
  at: '2026-07-09T23:36:16.799Z',
  event: 'share.requests.result',
  toUserId: 'b66811cf-6d84-48d2-bbb6-99c50750deb3',
  inviteCount: 0,
  forceFresh: true
}
[share-route] {
  at: '2026-07-09T23:36:17.978Z',
  event: 'share.requests.requested',
  method: 'GET',
  pathname: '/api/training/share/requests',
  toUserId: 'b66811cf-6d84-48d2-bbb6-99c50750deb3'
}
[share-route] {
  at: '2026-07-09T23:36:20.030Z',
  event: 'share.requests.result',
  toUserId: 'b66811cf-6d84-48d2-bbb6-99c50750deb3',
  inviteCount: 0,
  forceFresh: true
}
[share-route] {
  at: '2026-07-09T23:36:20.177Z',
  event: 'share.requests.requested',
  method: 'GET',
  pathname: '/api/training/share/requests',
  toUserId: 'b66811cf-6d84-48d2-bbb6-99c50750deb3'
}
[share-route] {
  at: '2026-07-09T23:36:20.229Z',
  event: 'share.requests.result',
  toUserId: 'b66811cf-6d84-48d2-bbb6-99c50750deb3',
  inviteCount: 0,
  forceFresh: true
}
[share-route] {
  at: '2026-07-09T23:36:22.276Z',
  event: 'share.requests.requested',
  method: 'GET',
  pathname: '/api/training/share/requests',
  toUserId: 'b66811cf-6d84-48d2-bbb6-99c50750deb3'
}
[share-route] {
  at: '2026-07-09T23:36:22.327Z',
  event: 'share.requests.result',
  toUserId: 'b66811cf-6d84-48d2-bbb6-99c50750deb3',
  inviteCount: 0,
  forceFresh: true
}
[share-route] {
  at: '2026-07-09T23:36:30.164Z',
  event: 'share.requests.requested',
  method: 'GET',
  pathname: '/api/training/share/requests',
  toUserId: 'b66811cf-6d84-48d2-bbb6-99c50750deb3'
}
[share-route] {
  at: '2026-07-09T23:36:30.377Z',
  event: 'share.requests.result',
  toUserId: 'b66811cf-6d84-48d2-bbb6-99c50750deb3',
  inviteCount: 0,
  forceFresh: true
}
[share-route] {
  at: '2026-07-09T23:36:32.313Z',
  event: 'share.requests.requested',
  method: 'GET',
  pathname: '/api/training/share/requests',
  toUserId: 'b66811cf-6d84-48d2-bbb6-99c50750deb3'
}
[share-route] {
  at: '2026-07-09T23:36:32.363Z',
  event: 'share.requests.result',
  toUserId: 'b66811cf-6d84-48d2-bbb6-99c50750deb3',
  inviteCount: 0,
  forceFresh: true
}
[share-route] {
  at: '2026-07-09T23:36:37.177Z',
  event: 'share.requests.requested',
  method: 'GET',
  pathname: '/api/training/share/requests',
  toUserId: 'b66811cf-6d84-48d2-bbb6-99c50750deb3'
}
[share-route] {
  at: '2026-07-09T23:36:38.566Z',
  event: 'share.requests.result',
  toUserId: 'b66811cf-6d84-48d2-bbb6-99c50750deb3',
  inviteCount: 0,
  forceFresh: true
}
[share-route] {
  at: '2026-07-09T23:36:43.884Z',
  event: 'share.requests.requested',
  method: 'GET',
  pathname: '/api/training/share/requests',
  toUserId: 'b66811cf-6d84-48d2-bbb6-99c50750deb3'
}
[share-route] {
  at: '2026-07-09T23:36:48.803Z',
  event: 'share.requests.result',
  toUserId: 'b66811cf-6d84-48d2-bbb6-99c50750deb3',
  inviteCount: 0,
  forceFresh: true
}
[share-route] {
  at: '2026-07-09T23:36:54.331Z',
  event: 'share.requests.requested',
  method: 'GET',
  pathname: '/api/training/share/requests',
  toUserId: 'b66811cf-6d84-48d2-bbb6-99c50750deb3'
}
[share-route] {
  at: '2026-07-09T23:37:03.245Z',
  event: 'share.requests.result',
  toUserId: 'b66811cf-6d84-48d2-bbb6-99c50750deb3',
  inviteCount: 0,
  forceFresh: true
}
[share-route] {
  at: '2026-07-09T23:37:03.959Z',
  event: 'share.requests.requested',
  method: 'GET',
  pathname: '/api/training/share/requests',
  toUserId: 'b66811cf-6d84-48d2-bbb6-99c50750deb3'
}
[share-route] {
  at: '2026-07-09T23:37:04.723Z',
  event: 'share.requests.requested',
  method: 'GET',
  pathname: '/api/training/share/requests',
  toUserId: 'b66811cf-6d84-48d2-bbb6-99c50750deb3'
}
[share-route] {
  at: '2026-07-09T23:37:04.724Z',
  event: 'share.requests.result',
  toUserId: 'b66811cf-6d84-48d2-bbb6-99c50750deb3',
  inviteCount: 0,
  forceFresh: true
}
[share-route] {
  at: '2026-07-09T23:37:04.826Z',
  event: 'share.requests.result',
  toUserId: 'b66811cf-6d84-48d2-bbb6-99c50750deb3',
  inviteCount: 0,
  forceFresh: true
}
[share-route] {
  at: '2026-07-09T23:37:05.747Z',
  event: 'share.requests.requested',
  method: 'GET',
  pathname: '/api/training/share/requests',
  toUserId: 'b66811cf-6d84-48d2-bbb6-99c50750deb3'
}
[share-route] {
  at: '2026-07-09T23:37:05.850Z',
  event: 'share.requests.result',
  toUserId: 'b66811cf-6d84-48d2-bbb6-99c50750deb3',
  inviteCount: 0,
  forceFresh: true
}
[share-route] {
  at: '2026-07-09T23:37:07.283Z',
  event: 'share.requests.requested',
  method: 'GET',
  pathname: '/api/training/share/requests',
  toUserId: 'b66811cf-6d84-48d2-bbb6-99c50750deb3'
}
[share-route] {
  at: '2026-07-09T23:37:07.386Z',
  event: 'share.requests.result',
  toUserId: 'b66811cf-6d84-48d2-bbb6-99c50750deb3',
  inviteCount: 0,
  forceFresh: true
}
[share-route] {
  at: '2026-07-09T23:37:12.250Z',
  event: 'share.requests.requested',
  method: 'GET',
  pathname: '/api/training/share/requests',
  toUserId: 'b66811cf-6d84-48d2-bbb6-99c50750deb3'
}
[share-route] {
  at: '2026-07-09T23:37:12.353Z',
  event: 'share.requests.result',
  toUserId: 'b66811cf-6d84-48d2-bbb6-99c50750deb3',
  inviteCount: 0,
  forceFresh: true
}
[share-route] {
  at: '2026-07-09T23:37:15.731Z',
  event: 'share.requests.requested',
  method: 'GET',
  pathname: '/api/training/share/requests',
  toUserId: 'b66811cf-6d84-48d2-bbb6-99c50750deb3'
}
[share-route] {
  at: '2026-07-09T23:37:15.782Z',
  event: 'share.requests.result',
  toUserId: 'b66811cf-6d84-48d2-bbb6-99c50750deb3',
  inviteCount: 0,
  forceFresh: true
}
[share-route] {
  at: '2026-07-09T23:37:17.376Z',
  event: 'share.requests.requested',
  method: 'GET',
  pathname: '/api/training/share/requests',
  toUserId: 'b66811cf-6d84-48d2-bbb6-99c50750deb3'
}
[share-route] {
  at: '2026-07-09T23:37:17.472Z',
  event: 'share.requests.result',
  toUserId: 'b66811cf-6d84-48d2-bbb6-99c50750deb3',
  inviteCount: 0,
  forceFresh: true
}
[share-route] {
  at: '2026-07-09T23:37:24.846Z',
  event: 'share.requests.requested',
  method: 'GET',
  pathname: '/api/training/share/requests',
  toUserId: 'b66811cf-6d84-48d2-bbb6-99c50750deb3'
}
[share-route] {
  at: '2026-07-09T23:37:24.897Z',
  event: 'share.requests.result',
  toUserId: 'b66811cf-6d84-48d2-bbb6-99c50750deb3',
  inviteCount: 0,
  forceFresh: true
}
[share-route] {
  at: '2026-07-09T23:37:25.768Z',
  event: 'share.requests.requested',
  method: 'GET',
  pathname: '/api/training/share/requests',
  toUserId: 'b66811cf-6d84-48d2-bbb6-99c50750deb3'
}
[share-route] {
  at: '2026-07-09T23:37:25.871Z',
  event: 'share.requests.result',
  toUserId: 'b66811cf-6d84-48d2-bbb6-99c50750deb3',
  inviteCount: 0,
  forceFresh: true
}
[share-route] {
  at: '2026-07-09T23:37:30.432Z',
  event: 'share.requests.requested',
  method: 'GET',
  pathname: '/api/training/share/requests',
  toUserId: 'b66811cf-6d84-48d2-bbb6-99c50750deb3'
}
[share-route] {
  at: '2026-07-09T23:37:30.939Z',
  event: 'share.requests.result',
  toUserId: 'b66811cf-6d84-48d2-bbb6-99c50750deb3',
  inviteCount: 0,
  forceFresh: true
}
[share-route] {
  at: '2026-07-09T23:37:32.270Z',
  event: 'share.requests.requested',
  method: 'GET',
  pathname: '/api/training/share/requests',
  toUserId: 'b66811cf-6d84-48d2-bbb6-99c50750deb3'
}
[asset] /js/main.js {
  filePath: 'D:\\Jasons Web\\js\\main.js',
  headers: {
    'Content-Type': 'application/javascript',
    'Cache-Control': 'no-store'
  }
}
[asset] /js/main.js {
  filePath: 'D:\\Jasons Web\\js\\main.js',
  headers: {
    'Content-Type': 'application/javascript',
    'Cache-Control': 'no-store'
  }
}
[share-route] {
  at: '2026-07-09T23:37:35.651Z',
  event: 'share.requests.requested',
  method: 'GET',
  pathname: '/api/training/share/requests',
  toUserId: 'bdedeba3-482f-407a-be7b-6f1385af9d64'
}
[share-route] {
  at: '2026-07-09T23:37:35.701Z',
  event: 'share.requests.result',
  toUserId: 'bdedeba3-482f-407a-be7b-6f1385af9d64',
  inviteCount: 0,
  forceFresh: true
}
[share-route] {
  at: '2026-07-09T23:37:35.854Z',
  event: 'share.requests.requested',
  method: 'GET',
  pathname: '/api/training/share/requests',
  toUserId: 'bdedeba3-482f-407a-be7b-6f1385af9d64'
}
[share-route] {
  at: '2026-07-09T23:37:35.957Z',
  event: 'share.requests.result',
  toUserId: 'bdedeba3-482f-407a-be7b-6f1385af9d64',
  inviteCount: 0,
  forceFresh: true
}
[share-route] {
  at: '2026-07-09T23:37:36.009Z',
  event: 'share.requests.requested',
  method: 'GET',
  pathname: '/api/training/share/requests',
  toUserId: 'b66811cf-6d84-48d2-bbb6-99c50750deb3'
}
[share-route] {
  at: '2026-07-09T23:37:36.110Z',
  event: 'share.requests.result',
  toUserId: 'b66811cf-6d84-48d2-bbb6-99c50750deb3',
  inviteCount: 0,
  forceFresh: true
}
[share-route] {
  at: '2026-07-09T23:37:36.161Z',
  event: 'share.requests.result',
  toUserId: 'b66811cf-6d84-48d2-bbb6-99c50750deb3',
  inviteCount: 0,
  forceFresh: true
}
[share-route] {
  at: '2026-07-09T23:37:36.213Z',
  event: 'share.requests.requested',
  method: 'GET',
  pathname: '/api/training/share/requests',
  toUserId: 'bdedeba3-482f-407a-be7b-6f1385af9d64'
}
[share-route] {
  at: '2026-07-09T23:37:36.264Z',
  event: 'share.requests.result',
  toUserId: 'bdedeba3-482f-407a-be7b-6f1385af9d64',
  inviteCount: 0,
  forceFresh: true
}
[share-route] {
  at: '2026-07-09T23:37:36.521Z',
  event: 'share.requests.requested',
  method: 'GET',
  pathname: '/api/training/share/requests',
  toUserId: 'bdedeba3-482f-407a-be7b-6f1385af9d64'
}
[share-route] {
  at: '2026-07-09T23:37:36.571Z',
  event: 'share.requests.result',
  toUserId: 'bdedeba3-482f-407a-be7b-6f1385af9d64',
  inviteCount: 0,
  forceFresh: true
}
[share-route] {
  at: '2026-07-09T23:37:36.673Z',
  event: 'share.requests.requested',
  method: 'GET',
  pathname: '/api/training/share/requests',
  toUserId: 'bdedeba3-482f-407a-be7b-6f1385af9d64'
}
[share-route] {
  at: '2026-07-09T23:37:36.776Z',
  event: 'share.requests.result',
  toUserId: 'bdedeba3-482f-407a-be7b-6f1385af9d64',
  inviteCount: 0,
  forceFresh: true
}
[share-route] {
  at: '2026-07-09T23:37:37.185Z',
  event: 'share.requests.requested',
  method: 'GET',
  pathname: '/api/training/share/requests',
  toUserId: 'bdedeba3-482f-407a-be7b-6f1385af9d64'
}
[share-route] {
  at: '2026-07-09T23:37:37.241Z',
  event: 'share.requests.requested',
  method: 'GET',
  pathname: '/api/training/share/requests',
  toUserId: 'b66811cf-6d84-48d2-bbb6-99c50750deb3'
}
[share-route] {
  at: '2026-07-09T23:37:37.242Z',
  event: 'share.requests.result',
  toUserId: 'bdedeba3-482f-407a-be7b-6f1385af9d64',
  inviteCount: 0,
  forceFresh: true
}
[share-route] {
  at: '2026-07-09T23:37:37.340Z',
  event: 'share.requests.result',
  toUserId: 'b66811cf-6d84-48d2-bbb6-99c50750deb3',
  inviteCount: 0,
  forceFresh: true
}
[asset] /js/main.js {
  filePath: 'D:\\Jasons Web\\js\\main.js',
  headers: {
    'Content-Type': 'application/javascript',
    'Cache-Control': 'no-store'
  }
}
[asset] /js/main.js {
  filePath: 'D:\\Jasons Web\\js\\main.js',
  headers: {
    'Content-Type': 'application/javascript',
    'Cache-Control': 'no-store'
  }
}
[share-route] {
  at: '2026-07-09T23:37:46.454Z',
  event: 'share.requests.requested',
  method: 'GET',
  pathname: '/api/training/share/requests',
  toUserId: 'bdedeba3-482f-407a-be7b-6f1385af9d64'
}
[share-route] {
  at: '2026-07-09T23:37:46.607Z',
  event: 'share.requests.requested',
  method: 'GET',
  pathname: '/api/training/share/requests',
  toUserId: 'bdedeba3-482f-407a-be7b-6f1385af9d64'
}
[share-route] {
  at: '2026-07-09T23:37:46.608Z',
  event: 'share.requests.requested',
  method: 'GET',
  pathname: '/api/training/share/requests',
  toUserId: 'b66811cf-6d84-48d2-bbb6-99c50750deb3'
}
[share-route] {
  at: '2026-07-09T23:37:46.665Z',
  event: 'share.requests.result',
  toUserId: 'bdedeba3-482f-407a-be7b-6f1385af9d64',
  inviteCount: 0,
  forceFresh: true
}
[share-route] {
  at: '2026-07-09T23:37:46.764Z',
  event: 'share.requests.requested',
  method: 'GET',
  pathname: '/api/training/share/requests',
  toUserId: 'b66811cf-6d84-48d2-bbb6-99c50750deb3'
}
[share-route] {
  at: '2026-07-09T23:37:46.863Z',
  event: 'share.requests.result',
  toUserId: 'b66811cf-6d84-48d2-bbb6-99c50750deb3',
  inviteCount: 0,
  forceFresh: true
}
[share-route] {
  at: '2026-07-09T23:37:46.863Z',
  event: 'share.requests.result',
  toUserId: 'bdedeba3-482f-407a-be7b-6f1385af9d64',
  inviteCount: 0,
  forceFresh: true
}
[share-route] {
  at: '2026-07-09T23:37:46.966Z',
  event: 'share.requests.result',
  toUserId: 'b66811cf-6d84-48d2-bbb6-99c50750deb3',
  inviteCount: 0,
  forceFresh: true
}
[share-route] {
  at: '2026-07-09T23:37:47.016Z',
  event: 'share.requests.requested',
  method: 'GET',
  pathname: '/api/training/share/requests',
  toUserId: 'bdedeba3-482f-407a-be7b-6f1385af9d64'
}
[share-route] {
  at: '2026-07-09T23:37:47.125Z',
  event: 'share.requests.result',
  toUserId: 'bdedeba3-482f-407a-be7b-6f1385af9d64',
  inviteCount: 0,
  forceFresh: true
}
[share-route] {
  at: '2026-07-09T23:37:47.272Z',
  event: 'share.requests.requested',
  method: 'GET',
  pathname: '/api/training/share/requests',
  toUserId: 'b66811cf-6d84-48d2-bbb6-99c50750deb3'
}
[share-route] {
  at: '2026-07-09T23:37:47.323Z',
  event: 'share.requests.requested',
  method: 'GET',
  pathname: '/api/training/share/requests',
  toUserId: 'bdedeba3-482f-407a-be7b-6f1385af9d64'
}
[share-route] {
  at: '2026-07-09T23:37:47.324Z',
  event: 'share.requests.result',
  toUserId: 'b66811cf-6d84-48d2-bbb6-99c50750deb3',
  inviteCount: 0,
  forceFresh: true
}
[share-route] {
  at: '2026-07-09T23:37:47.375Z',
  event: 'share.requests.result',
  toUserId: 'bdedeba3-482f-407a-be7b-6f1385af9d64',
  inviteCount: 0,
  forceFresh: true
}
[share-route] {
  at: '2026-07-09T23:37:47.478Z',
  event: 'share.requests.requested',
  method: 'GET',
  pathname: '/api/training/share/requests',
  toUserId: 'bdedeba3-482f-407a-be7b-6f1385af9d64'
}
[share-route] {
  at: '2026-07-09T23:37:47.528Z',
  event: 'share.requests.result',
  toUserId: 'bdedeba3-482f-407a-be7b-6f1385af9d64',
  inviteCount: 0,
  forceFresh: true
}
[share-route] {
  at: '2026-07-09T23:37:47.631Z',
  event: 'share.requests.requested',
  method: 'GET',
  pathname: '/api/training/share/requests',
  toUserId: 'bdedeba3-482f-407a-be7b-6f1385af9d64'
}
[share-route] {
  at: '2026-07-09T23:37:47.683Z',
  event: 'share.requests.result',
  toUserId: 'bdedeba3-482f-407a-be7b-6f1385af9d64',
  inviteCount: 0,
  forceFresh: true
}
[share-route] {
  at: '2026-07-09T23:37:48.093Z',
  event: 'share.requests.requested',
  method: 'GET',
  pathname: '/api/training/share/requests',
  toUserId: 'bdedeba3-482f-407a-be7b-6f1385af9d64'
}
[share-route] {
  at: '2026-07-09T23:37:48.147Z',
  event: 'share.requests.result',
  toUserId: 'bdedeba3-482f-407a-be7b-6f1385af9d64',
  inviteCount: 0,
  forceFresh: true
}
[share-route] {
  at: '2026-07-09T23:37:52.188Z',
  event: 'share.requests.requested',
  method: 'GET',
  pathname: '/api/training/share/requests',
  toUserId: 'b66811cf-6d84-48d2-bbb6-99c50750deb3'
}
[share-route] {
  at: '2026-07-09T23:37:52.290Z',
  event: 'share.requests.result',
  toUserId: 'b66811cf-6d84-48d2-bbb6-99c50750deb3',
  inviteCount: 0,
  forceFresh: true
}
[share-route] {
  at: '2026-07-09T23:38:01.873Z',
  event: 'share.requests.requested',
  method: 'GET',
  pathname: '/api/training/share/requests',
  toUserId: 'b66811cf-6d84-48d2-bbb6-99c50750deb3'
}
[share-route] {
  at: '2026-07-09T23:38:05.763Z',
  event: 'share.requests.result',
  toUserId: 'b66811cf-6d84-48d2-bbb6-99c50750deb3',
  inviteCount: 0,
  forceFresh: true
}
[share-route] {
  at: '2026-07-09T23:38:07.708Z',
  event: 'share.requests.requested',
  method: 'GET',
  pathname: '/api/training/share/requests',
  toUserId: 'b66811cf-6d84-48d2-bbb6-99c50750deb3'
}
[share-route] {
  at: '2026-07-09T23:38:12.159Z',
  event: 'share.requests.result',
  toUserId: 'b66811cf-6d84-48d2-bbb6-99c50750deb3',
  inviteCount: 0,
  forceFresh: true
}
[share-route] {
  at: '2026-07-09T23:38:17.744Z',
  event: 'share.requests.requested',
  method: 'GET',
  pathname: '/api/training/share/requests',
  toUserId: 'b66811cf-6d84-48d2-bbb6-99c50750deb3'
}
[share-route] {
  at: '2026-07-09T23:38:20.968Z',
  event: 'share.requests.result',
  toUserId: 'b66811cf-6d84-48d2-bbb6-99c50750deb3',
  inviteCount: 0,
  forceFresh: true
}
[share-route] {
  at: '2026-07-09T23:38:26.705Z',
  event: 'share.requests.requested',
  method: 'GET',
  pathname: '/api/training/share/requests',
  toUserId: 'b66811cf-6d84-48d2-bbb6-99c50750deb3'
}
[share-route] {
  at: '2026-07-09T23:38:28.292Z',
  event: 'share.requests.result',
  toUserId: 'b66811cf-6d84-48d2-bbb6-99c50750deb3',
  inviteCount: 0,
  forceFresh: true
}
[share-route] {
  at: '2026-07-09T23:38:29.309Z',
  event: 'share.requests.requested',
  method: 'GET',
  pathname: '/api/training/share/requests',
  toUserId: 'b66811cf-6d84-48d2-bbb6-99c50750deb3'
}
[share-route] {
  at: '2026-07-09T23:38:29.468Z',
  event: 'share.requests.result',
  toUserId: 'b66811cf-6d84-48d2-bbb6-99c50750deb3',
  inviteCount: 0,
  forceFresh: true
}
[share-route] {
  at: '2026-07-09T23:38:29.566Z',
  event: 'share.requests.requested',
  method: 'GET',
  pathname: '/api/training/share/requests',
  toUserId: 'b66811cf-6d84-48d2-bbb6-99c50750deb3'
}
[share-route] {
  at: '2026-07-09T23:38:29.617Z',
  event: 'share.requests.result',
  toUserId: 'b66811cf-6d84-48d2-bbb6-99c50750deb3',
  inviteCount: 0,
  forceFresh: true
}
[share-route] {
  at: '2026-07-09T23:38:32.279Z',
  event: 'share.requests.requested',
  method: 'GET',
  pathname: '/api/training/share/requests',
  toUserId: 'b66811cf-6d84-48d2-bbb6-99c50750deb3'
}
[share-route] {
  at: '2026-07-09T23:38:32.381Z',
  event: 'share.requests.result',
  toUserId: 'b66811cf-6d84-48d2-bbb6-99c50750deb3',
  inviteCount: 0,
  forceFresh: true
}
[share-route] {
  at: '2026-07-09T23:38:35.811Z',
  event: 'share.requests.requested',
  method: 'GET',
  pathname: '/api/training/share/requests',
  toUserId: 'b66811cf-6d84-48d2-bbb6-99c50750deb3'
}
[share-route] {
  at: '2026-07-09T23:38:35.862Z',
  event: 'share.requests.result',
  toUserId: 'b66811cf-6d84-48d2-bbb6-99c50750deb3',
  inviteCount: 0,
  forceFresh: true
}
[share-route] {
  at: '2026-07-09T23:38:37.194Z',
  event: 'share.requests.requested',
  method: 'GET',
  pathname: '/api/training/share/requests',
  toUserId: 'b66811cf-6d84-48d2-bbb6-99c50750deb3'
}
[share-route] {
  at: '2026-07-09T23:38:37.246Z',
  event: 'share.requests.result',
  toUserId: 'b66811cf-6d84-48d2-bbb6-99c50750deb3',
  inviteCount: 0,
  forceFresh: true
}
[share-route] {
  at: '2026-07-09T23:38:44.212Z',
  event: 'share.requests.requested',
  method: 'GET',
  pathname: '/api/training/share/requests',
  toUserId: 'b66811cf-6d84-48d2-bbb6-99c50750deb3'
}
[share-route] {
  at: '2026-07-09T23:38:44.724Z',
  event: 'share.requests.result',
  toUserId: 'b66811cf-6d84-48d2-bbb6-99c50750deb3',
  inviteCount: 0,
  forceFresh: true
}
[share-route] {
  at: '2026-07-09T23:38:48.920Z',
  event: 'share.requests.requested',
  method: 'GET',
  pathname: '/api/training/share/requests',
  toUserId: 'b66811cf-6d84-48d2-bbb6-99c50750deb3'
}
[share-route] {
  at: '2026-07-09T23:38:51.634Z',
  event: 'share.requests.result',
  toUserId: 'b66811cf-6d84-48d2-bbb6-99c50750deb3',
  inviteCount: 0,
  forceFresh: true
}
[share-route] {
  at: '2026-07-09T23:38:54.718Z',
  event: 'share.requests.requested',
  method: 'GET',
  pathname: '/api/training/share/requests',
  toUserId: 'b66811cf-6d84-48d2-bbb6-99c50750deb3'
}
[share-route] {
  at: '2026-07-09T23:38:59.570Z',
  event: 'share.requests.result',
  toUserId: 'b66811cf-6d84-48d2-bbb6-99c50750deb3',
  inviteCount: 0,
  forceFresh: true
}
[share-route] {
  at: '2026-07-09T23:39:01.624Z',
  event: 'share.requests.requested',
  method: 'GET',
  pathname: '/api/training/share/requests',
  toUserId: 'b66811cf-6d84-48d2-bbb6-99c50750deb3'
}
[share-route] {
  at: '2026-07-09T23:39:03.156Z',
  event: 'share.requests.result',
  toUserId: 'b66811cf-6d84-48d2-bbb6-99c50750deb3',
  inviteCount: 0,
  forceFresh: true
}
[share-route] {
  at: '2026-07-09T23:39:07.049Z',
  event: 'share.requests.requested',
  method: 'GET',
  pathname: '/api/training/share/requests',
  toUserId: 'b66811cf-6d84-48d2-bbb6-99c50750deb3'
}
[share-route] {
  at: '2026-07-09T23:39:10.427Z',
  event: 'share.requests.result',
  toUserId: 'b66811cf-6d84-48d2-bbb6-99c50750deb3',
  inviteCount: 0,
  forceFresh: true
}
[share-route] {
  at: '2026-07-09T23:39:10.940Z',
  event: 'share.requests.requested',
  method: 'GET',
  pathname: '/api/training/share/requests',
  toUserId: 'b66811cf-6d84-48d2-bbb6-99c50750deb3'
}
[share-route] {
  at: '2026-07-09T23:39:14.679Z',
  event: 'share.requests.result',
  toUserId: 'b66811cf-6d84-48d2-bbb6-99c50750deb3',
  inviteCount: 0,
  forceFresh: true
}
[share-route] {
  at: '2026-07-09T23:39:17.346Z',
  event: 'share.requests.requested',
  method: 'GET',
  pathname: '/api/training/share/requests',
  toUserId: 'b66811cf-6d84-48d2-bbb6-99c50750deb3'
}
[share-route] {
  at: '2026-07-09T23:39:17.492Z',
  event: 'share.requests.result',
  toUserId: 'b66811cf-6d84-48d2-bbb6-99c50750deb3',
  inviteCount: 0,
  forceFresh: true
}
[share-route] {
  at: '2026-07-09T23:39:17.593Z',
  event: 'share.requests.requested',
  method: 'GET',
  pathname: '/api/training/share/requests',
  toUserId: 'b66811cf-6d84-48d2-bbb6-99c50750deb3'
}
[share-route] {
  at: '2026-07-09T23:39:17.698Z',
  event: 'share.requests.result',
  toUserId: 'b66811cf-6d84-48d2-bbb6-99c50750deb3',
  inviteCount: 0,
  forceFresh: true
}
[share-route] {
  at: '2026-07-09T23:39:22.356Z',
  event: 'share.requests.requested',
  method: 'GET',
  pathname: '/api/training/share/requests',
  toUserId: 'b66811cf-6d84-48d2-bbb6-99c50750deb3'
}
[share-route] {
  at: '2026-07-09T23:39:22.509Z',
  event: 'share.requests.result',
  toUserId: 'b66811cf-6d84-48d2-bbb6-99c50750deb3',
  inviteCount: 0,
  forceFresh: true
}
[share-route] {
  at: '2026-07-09T23:39:25.837Z',
  event: 'share.requests.requested',
  method: 'GET',
  pathname: '/api/training/share/requests',
  toUserId: 'b66811cf-6d84-48d2-bbb6-99c50750deb3'
}
[share-route] {
  at: '2026-07-09T23:39:25.991Z',
  event: 'share.requests.result',
  toUserId: 'b66811cf-6d84-48d2-bbb6-99c50750deb3',
  inviteCount: 0,
  forceFresh: true
}
[share-route] {
  at: '2026-07-09T23:39:27.426Z',
  event: 'share.requests.requested',
  method: 'GET',
  pathname: '/api/training/share/requests',
  toUserId: 'b66811cf-6d84-48d2-bbb6-99c50750deb3'
}
[share-route] {
  at: '2026-07-09T23:39:27.578Z',
  event: 'share.requests.result',
  toUserId: 'b66811cf-6d84-48d2-bbb6-99c50750deb3',
  inviteCount: 0,
  forceFresh: true
}
[share-route] {
  at: '2026-07-09T23:39:32.238Z',
  event: 'share.requests.requested',
  method: 'GET',
  pathname: '/api/training/share/requests',
  toUserId: 'b66811cf-6d84-48d2-bbb6-99c50750deb3'
}
[share-route] {
  at: '2026-07-09T23:39:32.288Z',
  event: 'share.requests.result',
  toUserId: 'b66811cf-6d84-48d2-bbb6-99c50750deb3',
  inviteCount: 0,
  forceFresh: true
}
[share-route] {
  at: '2026-07-09T23:39:35.719Z',
  event: 'share.requests.requested',
  method: 'GET',
  pathname: '/api/training/share/requests',
  toUserId: 'b66811cf-6d84-48d2-bbb6-99c50750deb3'
}
[share-route] {
  at: '2026-07-09T23:39:35.771Z',
  event: 'share.requests.result',
  toUserId: 'b66811cf-6d84-48d2-bbb6-99c50750deb3',
  inviteCount: 0,
  forceFresh: true
}
[share-route] {
  at: '2026-07-09T23:39:45.806Z',
  event: 'share.requests.requested',
  method: 'GET',
  pathname: '/api/training/share/requests',
  toUserId: 'b66811cf-6d84-48d2-bbb6-99c50750deb3'
}
[share-route] {
  at: '2026-07-09T23:39:50.674Z',
  event: 'share.requests.result',
  toUserId: 'b66811cf-6d84-48d2-bbb6-99c50750deb3',
  inviteCount: 0,
  forceFresh: true
}
[share-route] {
  at: '2026-07-09T23:39:52.724Z',
  event: 'share.requests.requested',
  method: 'GET',
  pathname: '/api/training/share/requests',
  toUserId: 'b66811cf-6d84-48d2-bbb6-99c50750deb3'
}
[share-route] {
  at: '2026-07-09T23:39:56.918Z',
  event: 'share.requests.result',
  toUserId: 'b66811cf-6d84-48d2-bbb6-99c50750deb3',
  inviteCount: 0,
  forceFresh: true
}
[share-route] {
  at: '2026-07-09T23:39:56.968Z',
  event: 'share.requests.requested',
  method: 'GET',
  pathname: '/api/training/share/requests',
  toUserId: 'b66811cf-6d84-48d2-bbb6-99c50750deb3'
}
[share-route] {
  at: '2026-07-09T23:39:57.022Z',
  event: 'share.requests.result',
  toUserId: 'b66811cf-6d84-48d2-bbb6-99c50750deb3',
  inviteCount: 0,
  forceFresh: true
}
[share-route] {
  at: '2026-07-09T23:39:57.121Z',
  event: 'share.requests.requested',
  method: 'GET',
  pathname: '/api/training/share/requests',
  toUserId: 'b66811cf-6d84-48d2-bbb6-99c50750deb3'
}
[share-route] {
  at: '2026-07-09T23:39:57.173Z',
  event: 'share.requests.result',
  toUserId: 'b66811cf-6d84-48d2-bbb6-99c50750deb3',
  inviteCount: 0,
  forceFresh: true
}
[share-route] {
  at: '2026-07-09T23:39:57.275Z',
  event: 'share.requests.requested',
  method: 'GET',
  pathname: '/api/training/share/requests',
  toUserId: 'b66811cf-6d84-48d2-bbb6-99c50750deb3'
}
[share-route] {
  at: '2026-07-09T23:39:57.429Z',
  event: 'share.requests.result',
  toUserId: 'b66811cf-6d84-48d2-bbb6-99c50750deb3',
  inviteCount: 0,
  forceFresh: true
}
[share-route] {
  at: '2026-07-09T23:40:04.393Z',
  event: 'share.requests.requested',
  method: 'GET',
  pathname: '/api/training/share/requests',
  toUserId: 'b66811cf-6d84-48d2-bbb6-99c50750deb3'
}
[share-route] {
  at: '2026-07-09T23:40:04.443Z',
  event: 'share.requests.result',
  toUserId: 'b66811cf-6d84-48d2-bbb6-99c50750deb3',
  inviteCount: 0,
  forceFresh: true
}
[share-route] {
  at: '2026-07-09T23:40:05.723Z',
  event: 'share.requests.requested',
  method: 'GET',
  pathname: '/api/training/share/requests',
  toUserId: 'b66811cf-6d84-48d2-bbb6-99c50750deb3'
}
[share-route] {
  at: '2026-07-09T23:40:05.877Z',
  event: 'share.requests.result',
  toUserId: 'b66811cf-6d84-48d2-bbb6-99c50750deb3',
  inviteCount: 0,
  forceFresh: true
}
[share-route] {
  at: '2026-07-09T23:40:07.259Z',
  event: 'share.requests.requested',
  method: 'GET',
  pathname: '/api/training/share/requests',
  toUserId: 'b66811cf-6d84-48d2-bbb6-99c50750deb3'
}
[share-route] {
  at: '2026-07-09T23:40:07.362Z',
  event: 'share.requests.result',
  toUserId: 'b66811cf-6d84-48d2-bbb6-99c50750deb3',
  inviteCount: 0,
  forceFresh: true
}
[share-route] {
  at: '2026-07-09T23:40:13.097Z',
  event: 'share.requests.requested',
  method: 'GET',
  pathname: '/api/training/share/requests',
  toUserId: 'b66811cf-6d84-48d2-bbb6-99c50750deb3'
}
[share-route] {
  at: '2026-07-09T23:40:13.198Z',
  event: 'share.requests.result',
  toUserId: 'b66811cf-6d84-48d2-bbb6-99c50750deb3',
  inviteCount: 0,
  forceFresh: true
}
[share-route] {
  at: '2026-07-09T23:40:29.379Z',
  event: 'share.requests.requested',
  method: 'GET',
  pathname: '/api/training/share/requests',
  toUserId: 'b66811cf-6d84-48d2-bbb6-99c50750deb3'
}
[share-route] {
  at: '2026-07-09T23:40:30.051Z',
  event: 'share.requests.requested',
  method: 'GET',
  pathname: '/api/training/share/requests',
  toUserId: 'b66811cf-6d84-48d2-bbb6-99c50750deb3'
}
[share-route] {
  at: '2026-07-09T23:40:30.052Z',
  event: 'share.requests.result',
  toUserId: 'b66811cf-6d84-48d2-bbb6-99c50750deb3',
  inviteCount: 0,
  forceFresh: true
}
[share-route] {
  at: '2026-07-09T23:40:32.406Z',
  event: 'share.requests.result',
  toUserId: 'b66811cf-6d84-48d2-bbb6-99c50750deb3',
  inviteCount: 0,
  forceFresh: true
}
[share-route] {
  at: '2026-07-09T23:40:34.092Z',
  event: 'share.requests.requested',
  method: 'GET',
  pathname: '/api/training/share/requests',
  toUserId: 'b66811cf-6d84-48d2-bbb6-99c50750deb3'
}
[share-route] {
  at: '2026-07-09T23:40:37.883Z',
  event: 'share.requests.result',
  toUserId: 'b66811cf-6d84-48d2-bbb6-99c50750deb3',
  inviteCount: 0,
  forceFresh: true
}
[share-route] {
  at: '2026-07-09T23:40:38.236Z',
  event: 'share.requests.requested',
  method: 'GET',
  pathname: '/api/training/share/requests',
  toUserId: 'b66811cf-6d84-48d2-bbb6-99c50750deb3'
}
[share-route] {
  at: '2026-07-09T23:40:38.339Z',
  event: 'share.requests.result',
  toUserId: 'b66811cf-6d84-48d2-bbb6-99c50750deb3',
  inviteCount: 0,
  forceFresh: true
}
[share-route] {
  at: '2026-07-09T23:40:38.493Z',
  event: 'share.requests.requested',
  method: 'GET',
  pathname: '/api/training/share/requests',
  toUserId: 'b66811cf-6d84-48d2-bbb6-99c50750deb3'
}
[share-route] {
  at: '2026-07-09T23:40:38.599Z',
  event: 'share.requests.result',
  toUserId: 'b66811cf-6d84-48d2-bbb6-99c50750deb3',
  inviteCount: 0,
  forceFresh: true
}
[share-route] {
  at: '2026-07-09T23:40:42.230Z',
  event: 'share.requests.requested',
  method: 'GET',
  pathname: '/api/training/share/requests',
  toUserId: 'b66811cf-6d84-48d2-bbb6-99c50750deb3'
}
[share-route] {
  at: '2026-07-09T23:40:42.332Z',
  event: 'share.requests.result',
  toUserId: 'b66811cf-6d84-48d2-bbb6-99c50750deb3',
  inviteCount: 0,
  forceFresh: true
}
[share-route] {
  at: '2026-07-09T23:40:45.712Z',
  event: 'share.requests.requested',
  method: 'GET',
  pathname: '/api/training/share/requests',
  toUserId: 'b66811cf-6d84-48d2-bbb6-99c50750deb3'
}
[share-route] {
  at: '2026-07-09T23:40:45.916Z',
  event: 'share.requests.result',
  toUserId: 'b66811cf-6d84-48d2-bbb6-99c50750deb3',
  inviteCount: 0,
  forceFresh: true
}
[share-route] {
  at: '2026-07-09T23:40:47.248Z',
  event: 'share.requests.requested',
  method: 'GET',
  pathname: '/api/training/share/requests',
  toUserId: 'b66811cf-6d84-48d2-bbb6-99c50750deb3'
}
[share-route] {
  at: '2026-07-09T23:40:47.664Z',
  event: 'share.requests.result',
  toUserId: 'b66811cf-6d84-48d2-bbb6-99c50750deb3',
  inviteCount: 0,
  forceFresh: true
}
[share-route] {
  at: '2026-07-09T23:40:54.161Z',
  event: 'share.requests.requested',
  method: 'GET',
  pathname: '/api/training/share/requests',
  toUserId: 'b66811cf-6d84-48d2-bbb6-99c50750deb3'
}
[share-route] {
  at: '2026-07-09T23:40:55.495Z',
  event: 'share.requests.result',
  toUserId: 'b66811cf-6d84-48d2-bbb6-99c50750deb3',
  inviteCount: 0,
  forceFresh: true
}
[share-route] {
  at: '2026-07-09T23:41:01.124Z',
  event: 'share.requests.requested',
  method: 'GET',
  pathname: '/api/training/share/requests',
  toUserId: 'b66811cf-6d84-48d2-bbb6-99c50750deb3'
}
[share-route] {
  at: '2026-07-09T23:41:01.277Z',
  event: 'share.requests.requested',
  method: 'GET',
  pathname: '/api/training/share/requests',
  toUserId: 'b66811cf-6d84-48d2-bbb6-99c50750deb3'
}
[share-route] {
  at: '2026-07-09T23:41:03.277Z',
  event: 'share.requests.result',
  toUserId: 'b66811cf-6d84-48d2-bbb6-99c50750deb3',
  inviteCount: 0,
  forceFresh: true
}
[share-route] {
  at: '2026-07-09T23:41:03.278Z',
  event: 'share.requests.result',
  toUserId: 'b66811cf-6d84-48d2-bbb6-99c50750deb3',
  inviteCount: 0,
  forceFresh: true
}
[share-route] {
  at: '2026-07-09T23:41:07.634Z',
  event: 'share.requests.requested',
  method: 'GET',
  pathname: '/api/training/share/requests',
  toUserId: 'b66811cf-6d84-48d2-bbb6-99c50750deb3'
}
[share-route] {
  at: '2026-07-09T23:41:08.907Z',
  event: 'share.requests.result',
  toUserId: 'b66811cf-6d84-48d2-bbb6-99c50750deb3',
  inviteCount: 0,
  forceFresh: true
}
[share-route] {
  at: '2026-07-09T23:41:08.908Z',
  event: 'share.requests.requested',
  method: 'GET',
  pathname: '/api/training/share/requests',
  toUserId: 'b66811cf-6d84-48d2-bbb6-99c50750deb3'
}
[share-route] {
  at: '2026-07-09T23:41:09.012Z',
  event: 'share.requests.result',
  toUserId: 'b66811cf-6d84-48d2-bbb6-99c50750deb3',
  inviteCount: 0,
  forceFresh: true
}
[share-route] {
  at: '2026-07-09T23:41:12.695Z',
  event: 'share.requests.requested',
  method: 'GET',
  pathname: '/api/training/share/requests',
  toUserId: 'b66811cf-6d84-48d2-bbb6-99c50750deb3'
}
[share-route] {
  at: '2026-07-09T23:41:12.799Z',
  event: 'share.requests.result',
  toUserId: 'b66811cf-6d84-48d2-bbb6-99c50750deb3',
  inviteCount: 0,
  forceFresh: true
}
[share-route] {
  at: '2026-07-09T23:41:15.614Z',
  event: 'share.requests.requested',
  method: 'GET',
  pathname: '/api/training/share/requests',
  toUserId: 'b66811cf-6d84-48d2-bbb6-99c50750deb3'
}
[share-route] {
  at: '2026-07-09T23:41:15.666Z',
  event: 'share.requests.result',
  toUserId: 'b66811cf-6d84-48d2-bbb6-99c50750deb3',
  inviteCount: 0,
  forceFresh: true
}
[share-route] {
  at: '2026-07-09T23:41:15.922Z',
  event: 'share.requests.requested',
  method: 'GET',
  pathname: '/api/training/share/requests',
  toUserId: 'b66811cf-6d84-48d2-bbb6-99c50750deb3'
}
[share-route] {
  at: '2026-07-09T23:41:15.923Z',
  event: 'share.requests.requested',
  method: 'GET',
  pathname: '/api/training/share/requests',
  toUserId: 'b66811cf-6d84-48d2-bbb6-99c50750deb3'
}
[share-route] {
  at: '2026-07-09T23:41:15.973Z',
  event: 'share.requests.result',
  toUserId: 'b66811cf-6d84-48d2-bbb6-99c50750deb3',
  inviteCount: 0,
  forceFresh: true
}
[share-route] {
  at: '2026-07-09T23:41:15.974Z',
  event: 'share.requests.result',
  toUserId: 'b66811cf-6d84-48d2-bbb6-99c50750deb3',
  inviteCount: 0,
  forceFresh: true
}
[asset] /js/main.js {
  filePath: 'D:\\Jasons Web\\js\\main.js',
  headers: {
    'Content-Type': 'application/javascript',
    'Cache-Control': 'no-store'
  }
}
[asset] /js/main.js {
  filePath: 'D:\\Jasons Web\\js\\main.js',
  headers: {
    'Content-Type': 'application/javascript',
    'Cache-Control': 'no-store'
  }
}
[share-route] {
  at: '2026-07-09T23:42:57.097Z',
  event: 'share.requests.requested',
  method: 'GET',
  pathname: '/api/training/share/requests',
  toUserId: 'b66811cf-6d84-48d2-bbb6-99c50750deb3'
}
[share-route] {
  at: '2026-07-09T23:42:57.199Z',
  event: 'share.requests.result',
  toUserId: 'b66811cf-6d84-48d2-bbb6-99c50750deb3',
  inviteCount: 0,
  forceFresh: true
}
[share-route] {
  at: '2026-07-09T23:44:23.066Z',
  event: 'share.requests.requested',
  method: 'GET',
  pathname: '/api/training/share/requests',
  toUserId: 'b66811cf-6d84-48d2-bbb6-99c50750deb3'
}
[share-route] {
  at: '2026-07-09T23:44:23.168Z',
  event: 'share.requests.result',
  toUserId: 'b66811cf-6d84-48d2-bbb6-99c50750deb3',
  inviteCount: 0,
  forceFresh: true
}
[asset] /js/main.js {
  filePath: 'D:\\Jasons Web\\js\\main.js',
  headers: {
    'Content-Type': 'application/javascript',
    'Cache-Control': 'no-store'
  }
}
[share-route] {
  at: '2026-07-09T23:44:26.240Z',
  event: 'share.requests.requested',
  method: 'GET',
  pathname: '/api/training/share/requests',
  toUserId: 'b66811cf-6d84-48d2-bbb6-99c50750deb3'
}
[share-route] {
  at: '2026-07-09T23:44:26.347Z',
  event: 'share.requests.result',
  toUserId: 'b66811cf-6d84-48d2-bbb6-99c50750deb3',
  inviteCount: 0,
  forceFresh: true
}
[share-route] {
  at: '2026-07-09T23:44:33.105Z',
  event: 'share.requests.requested',
  method: 'GET',
  pathname: '/api/training/share/requests',
  toUserId: 'b66811cf-6d84-48d2-bbb6-99c50750deb3'
}
[share-route] {
  at: '2026-07-09T23:44:33.204Z',
  event: 'share.requests.result',
  toUserId: 'b66811cf-6d84-48d2-bbb6-99c50750deb3',
  inviteCount: 0,
  forceFresh: true
}
[asset] /js/main.js {
  filePath: 'D:\\Jasons Web\\js\\main.js',
  headers: {
    'Content-Type': 'application/javascript',
    'Cache-Control': 'no-store'
  }
}
