[auth][db-transient] {
  context: 'ensureSchema:attempt_1',
  code: null,
  message: 'Database temporarily unavailable',
  sslEnabled: false,
  totalCount: 0,
  idleCount: 0,
  waitingCount: 0
}
[track][db-transient] {
  context: 'ensureSchema:attempt_1:fast',
  code: null,
  message: 'Database temporarily unavailable'
}
[auth][db-transient] {
  context: 'authRoutes:GET:/api/auth/trainers',
  code: null,
  message: 'Database temporarily unavailable',
  sslEnabled: false,
  totalCount: 0,
  idleCount: 0,
  waitingCount: 0
}
[auth][db-transient] {
  context: 'authRoutes:GET:/api/coach/pages/public',
  code: null,
  message: 'Database temporarily unavailable',
  sslEnabled: false,
  totalCount: 0,
  idleCount: 0,
  waitingCount: 0
}
[auth][db-transient] {
  context: 'ensureSchema:attempt_2',
  code: null,
  message: 'Database temporarily unavailable',
  sslEnabled: false,
  totalCount: 0,
  idleCount: 0,
  waitingCount: 0
}
[auth][db-transient] {
  context: 'ensureSchema:attempt_3',
  code: null,
  message: 'Database temporarily unavailable',
  sslEnabled: false,
  totalCount: 0,
  idleCount: 0,
  waitingCount: 0
}
[auth][db-transient] {
  context: 'ensureSchema:attempt_4',
  code: null,
  message: 'Database temporarily unavailable',
  sslEnabled: false,
  totalCount: 0,
  idleCount: 0,
  waitingCount: 0
}
